
> vite_react_shadcn_ts@0.0.0 test
> vitest run


[1m[46m RUN [49m[22m [36mv3.2.4 [39m[90mD:/PROYEK WEB MASTER/wandr-explore-app[39m

 [32mÔ£ô[39m src/test/example.test.ts [2m([22m[2m1 test[22m[2m)[22m[32m 5[2mms[22m[39m
 [32mÔ£ô[39m src/test/fareCalculation.test.ts [2m([22m[2m5 tests[22m[2m)[22m[32m 10[2mms[22m[39m
node.exe : [90mstderr[2m | src/test/advancedRouteService.test.ts[2m > [22m
[2mAdvancedRouteService[2m > [22m[2mLocation Search[2m > [22m[2mshould ha
ndle search errors gracefully
At line:1 char:1
+ & "C:\Program Files\nodejs/node.exe" "C:\Program Files\nodejs/node_mo ...
+ ~~~~~~~~~~~~~~~~~~~~~~~~~~~~~~~~~~~~~~~~~~~~~~~~~~~~~~~~~~~~~~~~~~~~~
    + CategoryInfo          : NotSpecified: ([90mstderr[2m...rors gracefully 
   :String) [], RemoteException
    + FullyQualifiedErrorId : NativeCommandError
 
[22m[39m[AdvancedRouteService] searchLocation Error: TypeError: RequestInit: 
Expected signal ("AbortSignal {}") to be an instance of AbortSignal.
[90m    at node:internal/deps/undici/undici:15845:13[39m
[90m    at processTicksAndRejections (node:internal/process/task_queues:103:5)
[39m
    at Object.searchLocation [90m(D:\PROYEK WEB MASTER\wandr-explore-app\[39m
src\services\advancedRouteService.ts:375:24[90m)[39m
    at [90mD:\PROYEK WEB MASTER\wandr-explore-app\[39msrc\test\advancedRouteS
ervice.test.ts:322:25
    at [90mfile:///D:/PROYEK%20WEB%20MASTER/wandr-explore-app/[39mnode_module
s/[4m@vitest/runner[24m/dist/chunk-hooks.js:752:20

[90mstdout[2m | src/test/advancedRouteService.test.ts[2m > [22m[2mAdvancedRouteService[2m > [22m[2mIN-CITY ROUTE SCENARIO (Jakarta)[2m > [22m[2mRoute 1: Bandara ke Pusat Jakarta[2m > [22m[2mshould fetch route without errors
[22m[39mTest skipped: Bandara ke Pusat Jakarta TypeError: __vite_ssr_import_1__.AdvancedRouteService.getDetailedRoute is not a function
    at [90mD:\PROYEK WEB MASTER\wandr-explore-app\[39msrc\test\advancedRouteService.test.ts:365:62
    at [90mfile:///D:/PROYEK%20WEB%20MASTER/wandr-explore-app/[39mnode_modules/[4m@vitest/runner[24m/dist/chunk-hooks.js:155:11
    at [90mfile:///D:/PROYEK%20WEB%20MASTER/wandr-explore-app/[39mnode_modules/[4m@vitest/runner[24m/dist/chunk-hooks.js:752:26
    at [90mfile:///D:/PROYEK%20WEB%20MASTER/wandr-explore-app/[39mnode_modules/[4m@vitest/runner[24m/dist/chunk-hooks.js:1897:20
    at new Promise (<anonymous>)
    at runWithTimeout [90m(file:///D:/PROYEK%20WEB%20MASTER/wandr-explore-app/[39mnode_modules/[4m@vitest/runner[24m/dist/chunk-hooks.js:1863:10[90m)[39m
    at runTest [90m(file:///D:/PROYEK%20WEB%20MASTER/wandr-explore-app/[39mnode_modules/[4m@vitest/runner[24m/dist/chunk-hooks.js:1574:12[90m)[39m
[90m    at processTicksAndRejections (node:internal/process/task_queues:103:5)[39m
    at runSuite [90m(file:///D:/PROYEK%20WEB%20MASTER/wandr-explore-app/[39mnode_modules/[4m@vitest/runner[24m/dist/chunk-hooks.js:1729:8[90m)[39m
    at runSuite [90m(file:///D:/PROYEK%20WEB%20MASTER/wandr-explore-app/[39mnode_modules/[4m@vitest/runner[24m/dist/chunk-hooks.js:1729:8[90m)[39m

[90mstdout[2m | src/test/advancedRouteService.test.ts[2m > [22m[2mAdvancedRouteService[2m > [22m[2mIN-CITY ROUTE SCENARIO (Jakarta)[2m > [22m[2mRoute 1: Bandara ke Pusat Jakarta[2m > [22m[2mshould validate distance accuracy >= 95%
[22m[39mDistance test skipped for Bandara ke Pusat Jakarta

[90mstdout[2m | src/test/advancedRouteService.test.ts[2m > [22m[2mAdvancedRouteService[2m > [22m[2mIN-CITY ROUTE SCENARIO (Jakarta)[2m > [22m[2mRoute 1: Bandara ke Pusat Jakarta[2m > [22m[2mshould estimate time within ┬▒10% variance
[22m[39mTime estimation test skipped for Bandara ke Pusat Jakarta

[90mstdout[2m | src/test/advancedRouteService.test.ts[2m > [22m[2mAdvancedRouteService[2m > [22m[2mIN-CITY ROUTE SCENARIO (Jakarta)[2m > [22m[2mRoute 2: Senayan ke Kota[2m > [22m[2mshould fetch route without errors
[22m[39mTest skipped: Senayan ke Kota TypeError: __vite_ssr_import_1__.AdvancedRouteService.getDetailedRoute is not a function
    at [90mD:\PROYEK WEB MASTER\wandr-explore-app\[39msrc\test\advancedRouteService.test.ts:365:62
    at [90mfile:///D:/PROYEK%20WEB%20MASTER/wandr-explore-app/[39mnode_modules/[4m@vitest/runner[24m/dist/chunk-hooks.js:155:11
    at [90mfile:///D:/PROYEK%20WEB%20MASTER/wandr-explore-app/[39mnode_modules/[4m@vitest/runner[24m/dist/chunk-hooks.js:752:26
    at [90mfile:///D:/PROYEK%20WEB%20MASTER/wandr-explore-app/[39mnode_modules/[4m@vitest/runner[24m/dist/chunk-hooks.js:1897:20
    at new Promise (<anonymous>)
    at runWithTimeout [90m(file:///D:/PROYEK%20WEB%20MASTER/wandr-explore-app/[39mnode_modules/[4m@vitest/runner[24m/dist/chunk-hooks.js:1863:10[90m)[39m
    at runTest [90m(file:///D:/PROYEK%20WEB%20MASTER/wandr-explore-app/[39mnode_modules/[4m@vitest/runner[24m/dist/chunk-hooks.js:1574:12[90m)[39m
[90m    at processTicksAndRejections (node:internal/process/task_queues:103:5)[39m
    at runSuite [90m(file:///D:/PROYEK%20WEB%20MASTER/wandr-explore-app/[39mnode_modules/[4m@vitest/runner[24m/dist/chunk-hooks.js:1729:8[90m)[39m
    at runSuite [90m(file:///D:/PROYEK%20WEB%20MASTER/wandr-explore-app/[39mnode_modules/[4m@vitest/runner[24m/dist/chunk-hooks.js:1729:8[90m)[39m

[90mstdout[2m | src/test/advancedRouteService.test.ts[2m > [22m[2mAdvancedRouteService[2m > [22m[2mIN-CITY ROUTE SCENARIO (Jakarta)[2m > [22m[2mRoute 2: Senayan ke Kota[2m > [22m[2mshould validate distance accuracy >= 95%
[22m[39mDistance test skipped for Senayan ke Kota

[90mstdout[2m | src/test/advancedRouteService.test.ts[2m > [22m[2mAdvancedRouteService[2m > [22m[2mIN-CITY ROUTE SCENARIO (Jakarta)[2m > [22m[2mRoute 2: Senayan ke Kota[2m > [22m[2mshould estimate time within ┬▒10% variance
[22m[39mTime estimation test skipped for Senayan ke Kota

[90mstdout[2m | src/test/advancedRouteService.test.ts[2m > [22m[2mAdvancedRouteService[2m > [22m[2mIN-CITY ROUTE SCENARIO (Jakarta)[2m > [22m[2mRoute 3: Blok M ke Menteng[2m > [22m[2mshould fetch route without errors
[22m[39mTest skipped: Blok M ke Menteng TypeError: __vite_ssr_import_1__.AdvancedRouteService.getDetailedRoute is not a function
    at [90mD:\PROYEK WEB MASTER\wandr-explore-app\[39msrc\test\advancedRouteService.test.ts:365:62
    at [90mfile:///D:/PROYEK%20WEB%20MASTER/wandr-explore-app/[39mnode_modules/[4m@vitest/runner[24m/dist/chunk-hooks.js:155:11
    at [90mfile:///D:/PROYEK%20WEB%20MASTER/wandr-explore-app/[39mnode_modules/[4m@vitest/runner[24m/dist/chunk-hooks.js:752:26
    at [90mfile:///D:/PROYEK%20WEB%20MASTER/wandr-explore-app/[39mnode_modules/[4m@vitest/runner[24m/dist/chunk-hooks.js:1897:20
    at new Promise (<anonymous>)
    at runWithTimeout [90m(file:///D:/PROYEK%20WEB%20MASTER/wandr-explore-app/[39mnode_modules/[4m@vitest/runner[24m/dist/chunk-hooks.js:1863:10[90m)[39m
    at runTest [90m(file:///D:/PROYEK%20WEB%20MASTER/wandr-explore-app/[39mnode_modules/[4m@vitest/runner[24m/dist/chunk-hooks.js:1574:12[90m)[39m
[90m    at processTicksAndRejections (node:internal/process/task_queues:103:5)[39m
    at runSuite [90m(file:///D:/PROYEK%20WEB%20MASTER/wandr-explore-app/[39mnode_modules/[4m@vitest/runner[24m/dist/chunk-hooks.js:1729:8[90m)[39m
    at runSuite [90m(file:///D:/PROYEK%20WEB%20MASTER/wandr-explore-app/[39mnode_modules/[4m@vitest/runner[24m/dist/chunk-hooks.js:1729:8[90m)[39m

[90mstdout[2m | src/test/advancedRouteService.test.ts[2m > [22m[2mAdvancedRouteService[2m > [22m[2mIN-CITY ROUTE SCENARIO (Jakarta)[2m > [22m[2mRoute 3: Blok M ke Menteng[2m > [22m[2mshould validate distance accuracy >= 95%
[22m[39mDistance test skipped for Blok M ke Menteng

[90mstdout[2m | src/test/advancedRouteService.test.ts[2m > [22m[2mAdvancedRouteService[2m > [22m[2mIN-CITY ROUTE SCENARIO (Jakarta)[2m > [22m[2mRoute 3: Blok M ke Menteng[2m > [22m[2mshould estimate time within ┬▒10% variance
[22m[39mTime estimation test skipped for Blok M ke Menteng

[90mstdout[2m | src/test/advancedRouteService.test.ts[2m > [22m[2mAdvancedRouteService[2m > [22m[2mINTER-CITY ROUTE SCENARIO (Jakarta-Bandung)[2m > [22m[2mRoute 1: Jakarta ke Bandung (Puncak)[2m > [22m[2mshould detect inter-city scenario
[22m[39mScenario test skipped: Jakarta ke Bandung (Puncak)

[90mstdout[2m | src/test/advancedRouteService.test.ts[2m > [22m[2mAdvancedRouteService[2m > [22m[2mINTER-CITY ROUTE SCENARIO (Jakarta-Bandung)[2m > [22m[2mRoute 1: Jakarta ke Bandung (Puncak)[2m > [22m[2mshould handle long distances correctly
[22m[39mLong distance test skipped for Jakarta ke Bandung (Puncak)

[90mstdout[2m | src/test/advancedRouteService.test.ts[2m > [22m[2mAdvancedRouteService[2m > [22m[2mINTER-CITY ROUTE SCENARIO (Jakarta-Bandung)[2m > [22m[2mRoute 2: Jakarta ke Bogor (Puncak)[2m > [22m[2mshould detect inter-city scenario
[22m[39mScenario test skipped: Jakarta ke Bogor (Puncak)

[90mstdout[2m | src/test/advancedRouteService.test.ts[2m > [22m[2mAdvancedRouteService[2m > [22m[2mINTER-CITY ROUTE SCENARIO (Jakarta-Bandung)[2m > [22m[2mRoute 2: Jakarta ke Bogor (Puncak)[2m > [22m[2mshould handle long distances correctly
[22m[39mLong distance test skipped for Jakarta ke Bogor (Puncak)

[90mstdout[2m | src/test/advancedRouteService.test.ts[2m > [22m[2mAdvancedRouteService[2m > [22m[2mRURAL ROUTE SCENARIO[2m > [22m[2mRoute 1: Desa Cibogo ke Desa Lainnya[2m > [22m[2mshould detect rural scenario or fall back safely
[22m[39mRural scenario test skipped: Desa Cibogo ke Desa Lainnya

[90mstderr[2m | src/test/advancedRouteService.test.ts[2m > [22m[2mAdvanced
RouteService[2m > [22m[2mINTEGRATION: Complete Journey[2m > [22m[2mshould
 handle complete ride flow from search to route details
[22m[39m[AdvancedRouteService] searchLocation Error: TypeError: RequestInit: 
Expected signal ("AbortSignal {}") to be an instance of AbortSignal.
[90m    at node:internal/deps/undici/undici:15845:13[39m
[90m    at processTicksAndRejections (node:internal/process/task_queues:103:5)
[39m
    at Object.searchLocation [90m(D:\PROYEK WEB MASTER\wandr-explore-app\[39m
src\services\advancedRouteService.ts:375:24[90m)[39m
    at [90mD:\PROYEK WEB MASTER\wandr-explore-app\[39msrc\test\advancedRouteS
ervice.test.ts:497:33
    at [90mfile:///D:/PROYEK%20WEB%20MASTER/wandr-explore-app/[39mnode_module
s/[4m@vitest/runner[24m/dist/chunk-hooks.js:752:20

[90mstderr[2m | src/test/advancedRouteService.test.ts[2m > [22m[2mAdvanced
RouteService[2m > [22m[2mINTEGRATION: Complete Journey[2m > [22m[2mshould
 handle complete ride flow from search to route details
[22m[39m[AdvancedRouteService] searchLocation Error: TypeError: RequestInit: 
Expected signal ("AbortSignal {}") to be an instance of AbortSignal.
[90m    at node:internal/deps/undici/undici:15845:13[39m
[90m    at processTicksAndRejections (node:internal/process/task_queues:103:5)
[39m
    at Object.searchLocation [90m(D:\PROYEK WEB MASTER\wandr-explore-app\[39m
src\services\advancedRouteService.ts:375:24[90m)[39m
    at [90mD:\PROYEK WEB MASTER\wandr-explore-app\[39msrc\test\advancedRouteS
ervice.test.ts:498:31
    at [90mfile:///D:/PROYEK%20WEB%20MASTER/wandr-explore-app/[39mnode_module
s/[4m@vitest/runner[24m/dist/chunk-hooks.js:752:20

 [31mÔØ»[39m src/test/advancedRouteService.test.ts [2m([22m[2m43 tests[22m[2m | [22m[31m5 failed[39m[2m)[22m[32m 96[2mms[22m[39m
   [32mÔ£ô[39m AdvancedRouteService[2m > [22mRoute Scenario Detection[2m > [22mshould detect in-city routes correctly[32m 5[2mms[22m[39m
   [32mÔ£ô[39m AdvancedRouteService[2m > [22mRoute Scenario Detection[2m > [22mshould detect inter-city routes for large distances[32m 0[2mms[22m[39m
   [32mÔ£ô[39m AdvancedRouteService[2m > [22mRoute Scenario Detection[2m > [22mshould detect rural routes for sparse areas[32m 1[2mms[22m[39m
   [32mÔ£ô[39m AdvancedRouteService[2m > [22mTraffic Factor Calculation[2m > [22mshould return heavy traffic during morning peak (6-9 AM)[32m 1[2mms[22m[39m
   [32mÔ£ô[39m AdvancedRouteService[2m > [22mTraffic Factor Calculation[2m > [22mshould return congested traffic during evening peak (4-7 PM)[32m 0[2mms[22m[39m
   [32mÔ£ô[39m AdvancedRouteService[2m > [22mTraffic Factor Calculation[2m > [22mshould return light traffic at night (10 PM - 5 AM)[32m 1[2mms[22m[39m
   [32mÔ£ô[39m AdvancedRouteService[2m > [22mTraffic Factor Calculation[2m > [22mshould return moderate traffic during off-peak hours[32m 0[2mms[22m[39m
   [32mÔ£ô[39m AdvancedRouteService[2m > [22mTraffic Factor Calculation[2m > [22mshould apply different factors for inter-city routes[32m 0[2mms[22m[39m
   [32mÔ£ô[39m AdvancedRouteService[2m > [22mTravel Time Calculation[2m > [22mshould calculate reasonable travel time for in-city routes[32m 1[2mms[22m[39m
   [32mÔ£ô[39m AdvancedRouteService[2m > [22mTravel Time Calculation[2m > [22mshould calculate reasonable travel time for inter-city routes[32m 0[2mms[22m[39m
   [32mÔ£ô[39m AdvancedRouteService[2m > [22mTravel Time Calculation[2m > [22mshould be faster during off-peak hours[32m 0[2mms[22m[39m
   [32mÔ£ô[39m AdvancedRouteService[2m > [22mPolyline Simplification[2m > [22mshould preserve endpoints[32m 4[2mms[22m[39m
[31m   [31m├ù[31m AdvancedRouteService[2m > [22mPolyline Simplification[2m > [22mshould reduce number of points[39m[32m 17[2mms[22m[39m
[31m     ÔåÆ expected 100 to be less than 100[39m
   [32mÔ£ô[39m AdvancedRouteService[2m > [22mPolyline Simplification[2m > [22mshould handle minimal points[32m 1[2mms[22m[39m
[31m   [31m├ù[31m AdvancedRouteService[2m > [22mCoordinate Validation[2m > [22mshould reject invalid latitude[39m[32m 11[2mms[22m[39m
[31m     ÔåÆ expected 'AdvancedRouteSeÔÇª' to contain 'Koordinat tidak valid'[39m
[31m   [31m├ù[31m AdvancedRouteService[2m > [22mCoordinate Validation[2m > [22mshould reject invalid longitude[39m[32m 4[2mms[22m[39m
[31m     ÔåÆ expected 'AdvancedRouteSeÔÇª' to contain 'Koordinat tidak valid'[39m
[31m   [31m├ù[31m AdvancedRouteService[2m > [22mCoordinate Validation[2m > [22mshould reject if start and end are too close[39m[32m 3[2mms[22m[39m
[31m     ÔåÆ expected 'AdvancedRouteSeÔÇª' to contain 'Titik jemput dan tujuan terlalu dekat'[39m
   [32mÔ£ô[39m AdvancedRouteService[2m > [22mHaversine Distance Calculation[2m > [22mshould calculate distance between two points[32m 1[2mms[22m[39m
   [32mÔ£ô[39m AdvancedRouteService[2m > [22mHaversine Distance Calculation[2m > [22mshould return 0 for same point[32m 0[2mms[22m[39m
   [32mÔ£ô[39m AdvancedRouteService[2m > [22mHaversine Distance Calculation[2m > [22mshould be symmetric[32m 0[2mms[22m[39m
   [32mÔ£ô[39m AdvancedRouteService[2m > [22mLocation Search[2m > [22mshould return empty array for short queries[32m 1[2mms[22m[39m
   [32mÔ£ô[39m AdvancedRouteService[2m > [22mLocation Search[2m > [22mshould return empty array for empty query[32m 0[2mms[22m[39m
   [32mÔ£ô[39m AdvancedRouteService[2m > [22mLocation Search[2m > [22mshould handle search errors gracefully[32m 12[2mms[22m[39m
   [32mÔ£ô[39m AdvancedRouteService[2m > [22mAddress Formatting[2m > [22mshould format address with all components[32m 1[2mms[22m[39m
   [32mÔ£ô[39m AdvancedRouteService[2m > [22mAddress Formatting[2m > [22mshould handle missing components[32m 1[2mms[22m[39m
   [32mÔ£ô[39m AdvancedRouteService[2m > [22mIN-CITY ROUTE SCENARIO (Jakarta)[2m > [22mRoute 1: Bandara ke Pusat Jakarta[2m > [22mshould fetch route without errors[32m 2[2mms[22m[39m
   [32mÔ£ô[39m AdvancedRouteService[2m > [22mIN-CITY ROUTE SCENARIO (Jakarta)[2m > [22mRoute 1: Bandara ke Pusat Jakarta[2m > [22mshould validate distance accuracy >= 95%[32m 1[2mms[22m[39m
   [32mÔ£ô[39m AdvancedRouteService[2m > [22mIN-CITY ROUTE SCENARIO (Jakarta)[2m > [22mRoute 1: Bandara ke Pusat Jakarta[2m > [22mshould estimate time within ┬▒10% variance[32m 1[2mms[22m[39m
   [32mÔ£ô[39m AdvancedRouteService[2m > [22mIN-CITY ROUTE SCENARIO (Jakarta)[2m > [22mRoute 2: Senayan ke Kota[2m > [22mshould fetch route without errors[32m 1[2mms[22m[39m

[31mÔÄ»ÔÄ»ÔÄ»ÔÄ»ÔÄ»ÔÄ»ÔÄ»[39m[1m[41m Failed Tests 5 [49m[22m[31mÔÄ»ÔÄ»ÔÄ
»ÔÄ»ÔÄ»ÔÄ»ÔÄ»[39m

[41m[1m FAIL [22m[49m src/test/advancedRouteService.test.ts[2m > [22mAdva
ncedRouteService[2m > [22mPolyline Simplification[2m > [22mshould reduce nu
mber of points
   [32mÔ£ô[39m AdvancedRouteService[2m > [22mIN-CITY ROUTE SCENARIO (Jakarta)[2m > [22mRoute 2: Senayan ke Kota[2m > [22mshould validate distance accuracy >= 95%[32m 1[2mms[22m[39m
   [32mÔ£ô[39m AdvancedRouteService[2m > [22mIN-CITY ROUTE SCENARIO (Jakarta)[2m > [22mRoute 2: Senayan ke Kota[2m > [22mshould estimate time within ┬▒10% variance[32m 1[2mms[22m[39m
   [32mÔ£ô[39m AdvancedRouteService[2m > [22mIN-CITY ROUTE SCENARIO (Jakarta)[2m > [22mRoute 3: Blok M ke Menteng[2m > [22mshould fetch route without errors[32m 2[2mms[22m[39m
   [32mÔ£ô[39m AdvancedRouteService[2m > [22mIN-CITY ROUTE SCENARIO (Jakarta)[2m > [22mRoute 3: Blok M ke Menteng[2m > [22mshould validate distance accuracy >= 95%[32m 1[2mms[22m[39m
   [32mÔ£ô[39m AdvancedRouteService[2m > [22mIN-CITY ROUTE SCENARIO (Jakarta)[2m > [22mRoute 3: Blok M ke Menteng[2m > [22mshould estimate time within ┬▒10% variance[32m 1[2mms[22m[39m
   [32mÔ£ô[39m AdvancedRouteService[2m > [22mINTER-CITY ROUTE SCENARIO (Jakarta-Bandung)[2m > [22mRoute 1: Jakarta ke Bandung (Puncak)[2m > [22mshould detect inter-city scenario[32m 1[2mms[22m[39m
   [32mÔ£ô[39m AdvancedRouteService[2m > [22mINTER-CITY ROUTE SCENARIO (Jakarta-Bandung)[2m > [22mRoute 1: Jakarta ke Bandung (Puncak)[2m > [22mshould handle long distances correctly[32m 1[2mms[22m[39m
[31m[1mAssertionError[22m: expected 100 to be less than 100[39m
[36m [2mÔØ»[22m src/test/advancedRouteService.test.ts:[2m223:33[22m[39m
    [90m221| [39m      [35mconst[39m simplified [33m=[39m [33mAdvancedRo
uteService[39m[33m.[39m[34msimplifyPolyline[39m(points)[33m;[39m
   [32mÔ£ô[39m AdvancedRouteService[2m > [22mINTER-CITY ROUTE SCENARIO (Jakarta-Bandung)[2m > [22mRoute 2: Jakarta ke Bogor (Puncak)[2m > [22mshould detect inter-city scenario[32m 1[2mms[22m[39m
   [32mÔ£ô[39m AdvancedRouteService[2m > [22mINTER-CITY ROUTE SCENARIO (Jakarta-Bandung)[2m > [22mRoute 2: Jakarta ke Bogor (Puncak)[2m > [22mshould handle long distances correctly[32m 1[2mms[22m[39m
   [32mÔ£ô[39m AdvancedRouteService[2m > [22mRURAL ROUTE SCENARIO[2m > [22mRoute 1: Desa Cibogo ke Desa Lainnya[2m > [22mshould detect rural scenario or fall back safely[32m 1[2mms[22m[39m
[31m   [31m├ù[31m AdvancedRouteService[2m > [22mERROR HANDLING[2m > [22mshould handle network timeout gracefully[39m[32m 4[2mms[22m[39m
[31m     ÔåÆ expected 'AdvancedRouteSeÔÇª' to contain 'Koordinat tidak valid'[39m
   [32mÔ£ô[39m AdvancedRouteService[2m > [22mERROR HANDLING[2m > [22mshould return fallback coordinates for geocoding failures[32m 1[2mms[22m[39m
   [32mÔ£ô[39m AdvancedRouteService[2m > [22mERROR HANDLING[2m > [22mshould handle missing OSRM response[32m 1[2mms[22m[39m
   [32mÔ£ô[39m AdvancedRouteService[2m > [22mINTEGRATION: Complete Journey[2m > [22mshould handle complete ride flow from search to route details[32m 3[2mms[22m[39m

[2m Test Files [22m [1m[31m1 failed[39m[22m[2m | [22m[1m[32m2 passed[39m[22m[90m (3)[39m
[2m      Tests [22m [1m[31m5 failed[39m[22m[2m | [22m[1m[32m44 passed[39m[22m[90m (49)[39m
[2m   Start at [22m 21:10:29
    [90m222| [39m      
    [90m223| [39m      [34mexpect[39m(simplified[33m.[39mlength)[33m.[3
9m[34mtoBeLessThan[39m(points[33m.[39mlength)[33m;[39m
    [90m   | [39m                                [31m^[39m
    [90m224| [39m      [34mexpect[39m(simplified[33m.[39mlength)[33m.[3
9m[34mtoBeGreaterThanOrEqual[39m([34m2[39m)[33m;[39m
    [90m225| [39m    })[33m;[39m

[31m[2mÔÄ»ÔÄ»ÔÄ»ÔÄ»ÔÄ»ÔÄ»ÔÄ»ÔÄ»ÔÄ»ÔÄ»ÔÄ»ÔÄ»ÔÄ»ÔÄ»ÔÄ»ÔÄ»ÔÄ»ÔÄ»ÔÄ»ÔÄ»ÔÄ»ÔÄ»ÔÄ»Ô
Ä»[1/5]ÔÄ»[22m[39m

[41m[1m FAIL [22m[49m src/test/advancedRouteService.test.ts[2m > [22mAdva
ncedRouteService[2m > [22mCoordinate Validation[2m > [22mshould reject inva
lid latitude
[31m[1mAssertionError[22m: expected 'AdvancedRouteSeÔÇª' to contain 'Koordin
at tidak valid'[39m

Expected: [32m"Koordinat tidak valid"[39m
Received: [31m"__vite_ssr_import_1__.AdvancedRouteService.getDetailedRoute is 
not a function"[39m

[36m [2mÔØ»[22m src/test/advancedRouteService.test.ts:[2m246:31[22m[39m
    [90m244| [39m        [34mfail[39m([32m'Should throw for invalid latitu
de'[39m)[33m;[39m
[2m   Duration [22m 4.51s[2m (transform 393ms, setup 1.36s, collect 398ms, tests 112ms, environment 6.11s, prepare 913ms)[22m

    [90m245| [39m      } [35mcatch[39m (error[33m:[39m any) {
    [90m246| [39m        [34mexpect[39m(error[33m.[39mmessage)[33m.[39m
[34mtoContain[39m([32m'Koordinat tidak valid'[39m)[33m;[39m
    [90m   | [39m                              [31m^[39m
    [90m247| [39m      }
    [90m248| [39m    })[33m;[39m

[31m[2mÔÄ»ÔÄ»ÔÄ»ÔÄ»ÔÄ»ÔÄ»ÔÄ»ÔÄ»ÔÄ»ÔÄ»ÔÄ»ÔÄ»ÔÄ»ÔÄ»ÔÄ»ÔÄ»ÔÄ»ÔÄ»ÔÄ»ÔÄ»ÔÄ»ÔÄ»ÔÄ»Ô
Ä»[2/5]ÔÄ»[22m[39m

[41m[1m FAIL [22m[49m src/test/advancedRouteService.test.ts[2m > [22mAdva
ncedRouteService[2m > [22mCoordinate Validation[2m > [22mshould reject inva
lid longitude
[31m[1mAssertionError[22m: expected 'AdvancedRouteSeÔÇª' to contain 'Koordin
at tidak valid'[39m

Expected: [32m"Koordinat tidak valid"[39m
Received: [31m"__vite_ssr_import_1__.AdvancedRouteService.getDetailedRoute is 
not a function"[39m

[36m [2mÔØ»[22m src/test/advancedRouteService.test.ts:[2m260:31[22m[39m
    [90m258| [39m        [34mfail[39m([32m'Should throw for invalid longit
ude'[39m)[33m;[39m
    [90m259| [39m      } [35mcatch[39m (error[33m:[39m any) {
    [90m260| [39m        [34mexpect[39m(error[33m.[39mmessage)[33m.[39m
[34mtoContain[39m([32m'Koordinat tidak valid'[39m)[33m;[39m
    [90m   | [39m                              [31m^[39m
    [90m261| [39m      }
    [90m262| [39m    })[33m;[39m

[31m[2mÔÄ»ÔÄ»ÔÄ»ÔÄ»ÔÄ»ÔÄ»ÔÄ»ÔÄ»ÔÄ»ÔÄ»ÔÄ»ÔÄ»ÔÄ»ÔÄ»ÔÄ»ÔÄ»ÔÄ»ÔÄ»ÔÄ»ÔÄ»ÔÄ»ÔÄ»ÔÄ»Ô
Ä»[3/5]ÔÄ»[22m[39m

[41m[1m FAIL [22m[49m src/test/advancedRouteService.test.ts[2m > [22mAdva
ncedRouteService[2m > [22mCoordinate Validation[2m > [22mshould reject if s
tart and end are too close
[31m[1mAssertionError[22m: expected 'AdvancedRouteSeÔÇª' to contain 'Titik j
emput dan tujuan terlalu dekat'[39m

Expected: [32m"Titik jemput dan tujuan terlalu dekat"[39m
Received: [31m"__vite_ssr_import_1__.AdvancedRouteService.getDetailedRoute is 
not a function"[39m

[36m [2mÔØ»[22m src/test/advancedRouteService.test.ts:[2m272:31[22m[39m
    [90m270| [39m        [34mfail[39m([32m'Should throw for too close coor
dinates'[39m)[33m;[39m
    [90m271| [39m      } [35mcatch[39m (error[33m:[39m any) {
    [90m272| [39m        expect(error.message).toContain('Titik jemput dan tu
juan terlaÔÇª
    [90m   | [39m                              [31m^[39m
    [90m273| [39m      }
    [90m274| [39m    })[33m;[39m

[31m[2mÔÄ»ÔÄ»ÔÄ»ÔÄ»ÔÄ»ÔÄ»ÔÄ»ÔÄ»ÔÄ»ÔÄ»ÔÄ»ÔÄ»ÔÄ»ÔÄ»ÔÄ»ÔÄ»ÔÄ»ÔÄ»ÔÄ»ÔÄ»ÔÄ»ÔÄ»ÔÄ»Ô
Ä»[4/5]ÔÄ»[22m[39m

[41m[1m FAIL [22m[49m src/test/advancedRouteService.test.ts[2m > [22mAdva
ncedRouteService[2m > [22mERROR HANDLING[2m > [22mshould handle network tim
eout gracefully
[31m[1mAssertionError[22m: expected 'AdvancedRouteSeÔÇª' to contain 'Koordin
at tidak valid'[39m

Expected: [32m"Koordinat tidak valid"[39m
Received: [31m"__vite_ssr_import_1__.AdvancedRouteService.getDetailedRoute is 
not a function"[39m

[36m [2mÔØ»[22m src/test/advancedRouteService.test.ts:[2m468:31[22m[39m
    [90m466| [39m      } [35mcatch[39m (error[33m:[39m any) {
    [90m467| [39m        [34mexpect[39m(error)[33m.[39m[34mtoBeDefined[
39m()[33m;[39m
    [90m468| [39m        [34mexpect[39m(error[33m.[39mmessage)[33m.[39m
[34mtoContain[39m([32m'Koordinat tidak valid'[39m)[33m;[39m
    [90m   | [39m                              [31m^[39m
    [90m469| [39m      }
    [90m470| [39m    })[33m;[39m

[31m[2mÔÄ»ÔÄ»ÔÄ»ÔÄ»ÔÄ»ÔÄ»ÔÄ»ÔÄ»ÔÄ»ÔÄ»ÔÄ»ÔÄ»ÔÄ»ÔÄ»ÔÄ»ÔÄ»ÔÄ»ÔÄ»ÔÄ»ÔÄ»ÔÄ»ÔÄ»ÔÄ»Ô
Ä»[5/5]ÔÄ»[22m[39m

